ROOT C:\Program Files (x86)\Steam\steamapps\common\StellarBlade\SB\Binaries\Win64
{"Path":"C:\\Program Files (x86)\\Steam\\steamapps\\common\\StellarBlade\\SB\\Binaries\\Win64\\dlss5-amd.addon64","Hash":"3D962455111EDBFE4023BDAF19C20096E2754C46D56794A7C2F387D43B89AF25"}
MODCOUNT 79
[{"Path":"C:\\Program Files (x86)\\Steam\\steamapps\\common\\StellarBlade\\SB\\Binaries\\Win64\\DLSS5-AMD\\native-game-tiled-assets\\post70-history-head.f16","Hash":"77C745C4E1D84A6227A2224291D83C37D1E9BD18D45E95ADD166B1174225CE8F"},{"Path":"C:\\Program Files (x86)\\Steam\\steamapps\\common\\StellarBlade\\SB\\Binaries\\Win64\\DLSS5-AMD\\native-game-tiled-assets\\HIP\\SHA256SUMS","Hash":"C08125C23B6D7D523DCFAE3EF4669D05BBEB25284403A993CA55C5C8DE092EA1"}]
SUMS_VERIFY True
CONFIG default-config.txt
{"Hash":"181171BA5B91666227F832F28481378AFD73D42C6D387B959776F6AEBD444DFF"}
DLSS5_MULTI_PASS=1
DLSS5_MULTI_PASS_PREDICT=0
DLSS5_STRENGTH=auto
DLSS5_VIT_ADAPTIVE=1
CONFIG custom-config.txt
{"Hash":"CA8BD9DCFEA475A08638B963520C622B82E63EAA0A952FCD9570B25B89D60A82"}
DLSS5_MULTI_PASS=1
DLSS5_MULTI_PASS_PREDICT=0
DLSS5_TEMPORAL_MODE=1
DLSS5_TEMPORAL_HISTORY_EXPERIMENT=0
DLSS5_FAST_HISTORY=0
CONFIG native-game-flags.txt
{"Hash":"2226F31149B25A43AAC447EC53C3D68865F6080D2360275D0DF11E499591B0A3"}
DLSS5_STRENGTH=auto
DLSS5_VIT_ADAPTIVE=1
DLSS5_MULTI_PASS=1
ROOT C:\XboxGames\Onimusha- Way of the Sword\Content
{"Path":"C:\\XboxGames\\Onimusha- Way of the Sword\\Content\\LmxxfNrRuntime.dll","Hash":"3EAED204F5D6AD803749D6E8C79ED1E79C514F5D02EF1E68D8DCB3F292638DB6"}
{"Path":"C:\\XboxGames\\Onimusha- Way of the Sword\\Content\\_storage_\\LmxxfNrRuntime.dll","Hash":"3EAED204F5D6AD803749D6E8C79ED1E79C514F5D02EF1E68D8DCB3F292638DB6"}
MODCOUNT 79
[{"Path":"C:\\XboxGames\\Onimusha- Way of the Sword\\Content\\DLSS5-AMD\\native-game-tiled-assets\\post70-history-head.f16","Hash":"77C745C4E1D84A6227A2224291D83C37D1E9BD18D45E95ADD166B1174225CE8F"},{"Path":"C:\\XboxGames\\Onimusha- Way of the Sword\\Content\\DLSS5-AMD\\native-game-tiled-assets\\HIP\\SHA256SUMS","Hash":"C08125C23B6D7D523DCFAE3EF4669D05BBEB25284403A993CA55C5C8DE092EA1"}]
SUMS_VERIFY True
CONFIG default-config.txt
{"Hash":"181171BA5B91666227F832F28481378AFD73D42C6D387B959776F6AEBD444DFF"}
DLSS5_MULTI_PASS=1
DLSS5_MULTI_PASS_PREDICT=0
DLSS5_STRENGTH=auto
DLSS5_VIT_ADAPTIVE=1
CONFIG custom-config.txt
{"Hash":"12314A001DA731FF96D39366A1747154B6C1C68DCBF3DD1335B714B774F5F2C0"}
DLSS5_MULTI_PASS_PREDICT=0
DLSS5_MULTI_PASS=1
DLSS5_TEMPORAL_MODE=1
DLSS5_TEMPORAL_HISTORY_EXPERIMENT=0
DLSS5_FAST_HISTORY=0
CONFIG native-game-flags.txt
{"Hash":"415454E32FA580F0D47F1516289D24DFE4E3BD06CC40AF7773ED2D4C824F3BD4"}
DLSS5_VIT_ADAPTIVE=0
DLSS5_MULTI_PASS=1
LIVE
LOCK False
