
ProcessName   Id
-----------   --
Magpie      4536
Magpie      4536
Magpie      4536
{"tag":"900-static-False","mean_ms":14.236136363636364,"sha":"75AABA5EF94368353F3F17C034B53918151AA2EBC98FF870B2A057D08AE910AB"}
Magpie      4536
Magpie      4536
{"tag":"900-static-True","mean_ms":13.924227272727274,"sha":"75AABA5EF94368353F3F17C034B53918151AA2EBC98FF870B2A057D08AE910AB"}
SAME 900-static-False 900-static-True
Magpie      4536
Magpie      4536
{"tag":"900-motion-False","mean_ms":13.301327272727271,"sha":"5104F039569FE20C0EDCAB1FB68D56DB041406F3DDB38FC49DD2DD1D1EC636D1"}
Magpie      4536
Magpie      4536
{"tag":"900-motion-True","mean_ms":14.647490909090912,"sha":"5104F039569FE20C0EDCAB1FB68D56DB041406F3DDB38FC49DD2DD1D1EC636D1"}
SAME 900-motion-False 900-motion-True
Magpie      4536
Magpie      4536
{"tag":"1080-static-False","mean_ms":20.988554545454544,"sha":"1DE20C219105CC281CBA1364A0A21D0DDC4510A95458EC0CA3B8C893EA54F23A"}
Magpie      4536
Magpie      4536
{"tag":"1080-static-True","mean_ms":17.330554545454547,"sha":"1DE20C219105CC281CBA1364A0A21D0DDC4510A95458EC0CA3B8C893EA54F23A"}
SAME 1080-static-False 1080-static-True
Magpie      4536
Magpie      4536
{"tag":"1080-motion-False","mean_ms":16.713909090909091,"sha":"3D1B0382BD68F589EF9E7498380B0C9FE63C7A2F41CEA252BEDD216973A17E21"}
Magpie      4536
Magpie      4536
{"tag":"1080-motion-True","mean_ms":17.654127272727276,"sha":"3D1B0382BD68F589EF9E7498380B0C9FE63C7A2F41CEA252BEDD216973A17E21"}
SAME 1080-motion-False 1080-motion-True
Magpie      4536
Magpie      4536
{"tag":"720-motion-False","mean_ms":11.857409090909091,"sha":"9B53BE7A73C0D397DC56BF5810778E69D123BFD81C48FCDBCB642526361A5F53"}
Magpie      4536
Magpie      4536
{"tag":"720-motion-True","mean_ms":9.8477090909090919,"sha":"9B53BE7A73C0D397DC56BF5810778E69D123BFD81C48FCDBCB642526361A5F53"}
SAME 720-motion-False 720-motion-True
Magpie      4536
Magpie      4536
{"tag":"900-history-False","mean_ms":15.589118181818181,"sha":"5F2D6F1AD1EA8B295A52A95AC2C9BFC9E056D613E6FD889E2A2060FB36085CED"}
Magpie      4536
Magpie      4536
{"tag":"900-history-True","mean_ms":13.218681818181818,"sha":"5F2D6F1AD1EA8B295A52A95AC2C9BFC9E056D613E6FD889E2A2060FB36085CED"}
SAME 900-history-False 900-history-True
Magpie      4536
Magpie      4536
{"tag":"1080-history-False","mean_ms":18.47050909090909,"sha":"28D370EC05EDABA2E99B32891F7CDF670F0084D46A239A43F410B232BE97D506"}
Magpie      4536
Magpie      4536
{"tag":"1080-history-True","mean_ms":17.712754545454541,"sha":"28D370EC05EDABA2E99B32891F7CDF670F0084D46A239A43F410B232BE97D506"}
SAME 1080-history-False 1080-history-True
Magpie      4536
Magpie      4536
{"tag":"time-900-0","mean_ms":10.706543625000002,"sha":"75AABA5EF94368353F3F17C034B53918151AA2EBC98FF870B2A057D08AE910AB"}
Magpie      4536
Magpie      4536
{"tag":"time-900-1","mean_ms":10.69464725000001,"sha":"75AABA5EF94368353F3F17C034B53918151AA2EBC98FF870B2A057D08AE910AB"}
Magpie      4536
Magpie      4536
{"tag":"time-900-2","mean_ms":10.719736625000003,"sha":"75AABA5EF94368353F3F17C034B53918151AA2EBC98FF870B2A057D08AE910AB"}
Magpie      4536
Magpie      4536
{"tag":"time-900-3","mean_ms":10.781069999999998,"sha":"75AABA5EF94368353F3F17C034B53918151AA2EBC98FF870B2A057D08AE910AB"}
Magpie      4536
Magpie      4536
{"tag":"time-1080-0","mean_ms":15.002589874999989,"sha":"1DE20C219105CC281CBA1364A0A21D0DDC4510A95458EC0CA3B8C893EA54F23A"}
Magpie      4536
Magpie      4536
{"tag":"time-1080-1","mean_ms":14.964608625000009,"sha":"1DE20C219105CC281CBA1364A0A21D0DDC4510A95458EC0CA3B8C893EA54F23A"}
Magpie      4536
Magpie      4536
{"tag":"time-1080-2","mean_ms":14.963570249999989,"sha":"1DE20C219105CC281CBA1364A0A21D0DDC4510A95458EC0CA3B8C893EA54F23A"}
Magpie      4536
Magpie      4536
{"tag":"time-1080-3","mean_ms":15.014533000000014,"sha":"1DE20C219105CC281CBA1364A0A21D0DDC4510A95458EC0CA3B8C893EA54F23A"}


